<?xml version="1.0" encoding="UTF-8"?>
<!DOCTYPE nmaprun>
<?xml-stylesheet href="file:///usr/bin/../share/nmap/nmap.xsl" type="text/xsl"?>
<!-- Nmap 7.70 scan initiated Thu May 23 15:27:37 2019 as: nmap -&#45;script nmap-vulners -p1-65535 -sV -O -oX result.xml 172.28.128.3 -->
<nmaprun scanner="nmap" args="nmap -&#45;script nmap-vulners -p1-65535 -sV -O -oX result.xml 172.28.128.3" start="1558639657" startstr="Thu May 23 15:27:37 2019" version="7.70" xmloutputversion="1.04">
<scaninfo type="syn" protocol="tcp" numservices="65535" services="1-65535"/>
<verbose level="0"/>
<debugging level="0"/>
<host starttime="1558639657" endtime="1558639875"><status state="up" reason="arp-response" reason_ttl="0"/>
<address addr="172.28.128.3" addrtype="ipv4"/>
<address addr="08:00:27:5F:3A:EF" addrtype="mac" vendor="Oracle VirtualBox virtual NIC"/>
<hostnames>
<hostname name="static-172-28-128-3.rdsnet.ro" type="PTR"/>
</hostnames>
<ports><extraports state="closed" count="65487">
<extrareasons reason="resets" count="65487"/>
</extraports>
<port protocol="tcp" portid="21"><state state="open" reason="syn-ack" reason_ttl="128"/><service name="ftp" product="Microsoft ftpd" ostype="Windows" method="probed" conf="10"><cpe>cpe:/a:microsoft:ftp_service</cpe><cpe>cpe:/o:microsoft:windows</cpe></service></port>
<port protocol="tcp" portid="22"><state state="open" reason="syn-ack" reason_ttl="128"/><service name="ssh" product="OpenSSH" version="7.1" extrainfo="protocol 2.0" method="probed" conf="10"><cpe>cpe:/a:openbsd:openssh:7.1</cpe></service><script id="vulners" output="&#xa;  cpe:/a:openbsd:openssh:7.1: &#xa;&#x9;CVE-2016-8858&#x9;&#x9;7.8&#x9;&#x9;https://vulners.com/cve/CVE-2016-8858&#xa;&#x9;CVE-2016-1908&#x9;&#x9;7.5&#x9;&#x9;https://vulners.com/cve/CVE-2016-1908&#xa;&#x9;CVE-2016-1907&#x9;&#x9;5.0&#x9;&#x9;https://vulners.com/cve/CVE-2016-1907&#xa;&#x9;CVE-2016-10708&#x9;&#x9;5.0&#x9;&#x9;https://vulners.com/cve/CVE-2016-10708&#xa;&#x9;CVE-2018-15919&#x9;&#x9;5.0&#x9;&#x9;https://vulners.com/cve/CVE-2018-15919&#xa;&#x9;CVE-2017-15906&#x9;&#x9;5.0&#x9;&#x9;https://vulners.com/cve/CVE-2017-15906&#xa;&#x9;CVE-2016-0778&#x9;&#x9;4.6&#x9;&#x9;https://vulners.com/cve/CVE-2016-0778&#xa;&#x9;CVE-2016-0777&#x9;&#x9;4.0&#x9;&#x9;https://vulners.com/cve/CVE-2016-0777"><elem key="cpe:/a:openbsd:openssh:7.1">&#xa;&#x9;CVE-2016-8858&#x9;&#x9;7.8&#x9;&#x9;https://vulners.com/cve/CVE-2016-8858&#xa;&#x9;CVE-2016-1908&#x9;&#x9;7.5&#x9;&#x9;https://vulners.com/cve/CVE-2016-1908&#xa;&#x9;CVE-2016-1907&#x9;&#x9;5.0&#x9;&#x9;https://vulners.com/cve/CVE-2016-1907&#xa;&#x9;CVE-2016-10708&#x9;&#x9;5.0&#x9;&#x9;https://vulners.com/cve/CVE-2016-10708&#xa;&#x9;CVE-2018-15919&#x9;&#x9;5.0&#x9;&#x9;https://vulners.com/cve/CVE-2018-15919&#xa;&#x9;CVE-2017-15906&#x9;&#x9;5.0&#x9;&#x9;https://vulners.com/cve/CVE-2017-15906&#xa;&#x9;CVE-2016-0778&#x9;&#x9;4.6&#x9;&#x9;https://vulners.com/cve/CVE-2016-0778&#xa;&#x9;CVE-2016-0777&#x9;&#x9;4.0&#x9;&#x9;https://vulners.com/cve/CVE-2016-0777</elem>
</script></port>
<port protocol="tcp" portid="80"><state state="open" reason="syn-ack" reason_ttl="128"/><service name="http" product="Microsoft IIS httpd" version="7.5" ostype="Windows" method="probed" conf="10"><cpe>cpe:/a:microsoft:iis:7.5</cpe><cpe>cpe:/o:microsoft:windows</cpe></service><script id="http-server-header" output="Microsoft-IIS/7.5"><elem>Microsoft-IIS/7.5</elem>
</script><script id="vulners" output="&#xa;  cpe:/a:microsoft:iis:7.5: &#xa;&#x9;CVE-2010-3972&#x9;&#x9;10.0&#x9;&#x9;https://vulners.com/cve/CVE-2010-3972&#xa;&#x9;CVE-2010-2730&#x9;&#x9;9.3&#x9;&#x9;https://vulners.com/cve/CVE-2010-2730&#xa;&#x9;CVE-2010-1256&#x9;&#x9;8.5&#x9;&#x9;https://vulners.com/cve/CVE-2010-1256&#xa;&#x9;CVE-2010-1899&#x9;&#x9;4.3&#x9;&#x9;https://vulners.com/cve/CVE-2010-1899&#xa;&#x9;CVE-2012-2531&#x9;&#x9;2.1&#x9;&#x9;https://vulners.com/cve/CVE-2012-2531"><elem key="cpe:/a:microsoft:iis:7.5">&#xa;&#x9;CVE-2010-3972&#x9;&#x9;10.0&#x9;&#x9;https://vulners.com/cve/CVE-2010-3972&#xa;&#x9;CVE-2010-2730&#x9;&#x9;9.3&#x9;&#x9;https://vulners.com/cve/CVE-2010-2730&#xa;&#x9;CVE-2010-1256&#x9;&#x9;8.5&#x9;&#x9;https://vulners.com/cve/CVE-2010-1256&#xa;&#x9;CVE-2010-1899&#x9;&#x9;4.3&#x9;&#x9;https://vulners.com/cve/CVE-2010-1899&#xa;&#x9;CVE-2012-2531&#x9;&#x9;2.1&#x9;&#x9;https://vulners.com/cve/CVE-2012-2531</elem>
</script></port>
<port protocol="tcp" portid="135"><state state="open" reason="syn-ack" reason_ttl="128"/><service name="msrpc" product="Microsoft Windows RPC" ostype="Windows" method="probed" conf="10"><cpe>cpe:/o:microsoft:windows</cpe></service></port>
<port protocol="tcp" portid="139"><state state="open" reason="syn-ack" reason_ttl="128"/><service name="netbios-ssn" product="Microsoft Windows netbios-ssn" ostype="Windows" method="probed" conf="10"><cpe>cpe:/o:microsoft:windows</cpe></service></port>
<port protocol="tcp" portid="445"><state state="open" reason="syn-ack" reason_ttl="128"/><service name="microsoft-ds" product="Microsoft Windows Server 2008 R2 - 2012 microsoft-ds" ostype="Windows Server 2008 R2 - 2012" method="probed" conf="10"><cpe>cpe:/o:microsoft:windows</cpe></service></port>
<port protocol="tcp" portid="1617"><state state="open" reason="syn-ack" reason_ttl="128"/><service name="rmiregistry" product="Java RMI" method="probed" conf="10"/></port>
<port protocol="tcp" portid="3306"><state state="open" reason="syn-ack" reason_ttl="128"/><service name="mysql" product="MySQL" version="5.5.20-log" method="probed" conf="10"><cpe>cpe:/a:mysql:mysql:5.5.20-log</cpe></service></port>
<port protocol="tcp" portid="3389"><state state="open" reason="syn-ack" reason_ttl="128"/><service name="ms-wbt-server" method="table" conf="3"/></port>
<port protocol="tcp" portid="3700"><state state="open" reason="syn-ack" reason_ttl="128"/><service name="giop" product="CORBA naming service" method="probed" conf="10"/></port>
<port protocol="tcp" portid="4848"><state state="open" reason="syn-ack" reason_ttl="128"/><service name="appserv-http" tunnel="ssl" method="table" conf="3"/></port>
<port protocol="tcp" portid="5985"><state state="open" reason="syn-ack" reason_ttl="128"/><service name="http" product="Microsoft HTTPAPI httpd" version="2.0" extrainfo="SSDP/UPnP" ostype="Windows" method="probed" conf="10"><cpe>cpe:/o:microsoft:windows</cpe></service><script id="http-server-header" output="Microsoft-HTTPAPI/2.0"><elem>Microsoft-HTTPAPI/2.0</elem>
</script></port>
<port protocol="tcp" portid="7676"><state state="open" reason="syn-ack" reason_ttl="128"/><service name="java-message-service" product="Java Message Service" version="301" method="probed" conf="10"/></port>
<port protocol="tcp" portid="8009"><state state="open" reason="syn-ack" reason_ttl="128"/><service name="ajp13" product="Apache Jserv" extrainfo="Protocol v1.3" method="probed" conf="10"/></port>
<port protocol="tcp" portid="8019"><state state="open" reason="syn-ack" reason_ttl="128"/><service name="qbdb" method="table" conf="3"/></port>
<port protocol="tcp" portid="8020"><state state="open" reason="syn-ack" reason_ttl="128"/><service name="http" product="Apache httpd" method="probed" conf="10"><cpe>cpe:/a:apache:http_server</cpe></service><script id="http-server-header" output="Apache"><elem>Apache</elem>
</script></port>
<port protocol="tcp" portid="8022"><state state="open" reason="syn-ack" reason_ttl="128"/><service name="http" product="Apache Tomcat/Coyote JSP engine" version="1.1" method="probed" conf="10"><cpe>cpe:/a:apache:coyote_http_connector:1.1</cpe></service><script id="http-server-header" output="Apache-Coyote/1.1"><elem>Apache-Coyote/1.1</elem>
</script></port>
<port protocol="tcp" portid="8027"><state state="open" reason="syn-ack" reason_ttl="128"/></port>
<port protocol="tcp" portid="8028"><state state="open" reason="syn-ack" reason_ttl="128"/><service name="postgresql" product="PostgreSQL DB" method="probed" conf="10"><cpe>cpe:/a:postgresql:postgresql</cpe></service></port>
<port protocol="tcp" portid="8031"><state state="open" reason="syn-ack" reason_ttl="128"/><service name="unknown" tunnel="ssl" method="table" conf="3"/></port>
<port protocol="tcp" portid="8032"><state state="open" reason="syn-ack" reason_ttl="128"/><service name="desktop-central" product="ManageEngine Desktop Central DesktopCentralServer" devicetype="remote management" method="probed" conf="10"><cpe>cpe:/a:zohocorp:manageengine_desktop_central</cpe></service></port>
<port protocol="tcp" portid="8080"><state state="open" reason="syn-ack" reason_ttl="128"/><service name="http" product="Sun GlassFish Open Source Edition" version=" 4.0" method="probed" conf="10"><cpe>cpe:/a:sun:glassfish_server:_4.0_::open_source</cpe></service></port>
<port protocol="tcp" portid="8181"><state state="open" reason="syn-ack" reason_ttl="128"/><service name="intermapper" tunnel="ssl" method="table" conf="3"/></port>
<port protocol="tcp" portid="8282"><state state="open" reason="syn-ack" reason_ttl="128"/><service name="http" product="Apache Tomcat/Coyote JSP engine" version="1.1" method="probed" conf="10"><cpe>cpe:/a:apache:coyote_http_connector:1.1</cpe></service><script id="http-server-header" output="Apache-Coyote/1.1"><elem>Apache-Coyote/1.1</elem>
</script></port>
<port protocol="tcp" portid="8383"><state state="open" reason="syn-ack" reason_ttl="128"/><service name="http" product="Apache httpd" tunnel="ssl" method="probed" conf="10"><cpe>cpe:/a:apache:http_server</cpe></service><script id="http-server-header" output="Apache"><elem>Apache</elem>
</script></port>
<port protocol="tcp" portid="8443"><state state="open" reason="syn-ack" reason_ttl="128"/><service name="https-alt" tunnel="ssl" method="table" conf="3"/></port>
<port protocol="tcp" portid="8444"><state state="open" reason="syn-ack" reason_ttl="128"/><service name="desktop-central" product="ManageEngine Desktop Central DesktopCentralServer" devicetype="remote management" method="probed" conf="10"><cpe>cpe:/a:zohocorp:manageengine_desktop_central</cpe></service></port>
<port protocol="tcp" portid="8484"><state state="open" reason="syn-ack" reason_ttl="128"/><service name="http" product="Jetty" version="winstone-2.8" method="probed" conf="10"><cpe>cpe:/a:mortbay:jetty:winstone-2.8</cpe></service><script id="http-server-header" output="Jetty(winstone-2.8)"><elem>Jetty(winstone-2.8)</elem>
</script></port>
<port protocol="tcp" portid="8585"><state state="open" reason="syn-ack" reason_ttl="128"/><service name="http" product="Apache httpd" version="2.2.21" extrainfo="(Win64) PHP/5.3.10 DAV/2" method="probed" conf="10"><cpe>cpe:/a:apache:http_server:2.2.21</cpe></service><script id="http-server-header" output="Apache/2.2.21 (Win64) PHP/5.3.10 DAV/2"><elem>Apache/2.2.21 (Win64) PHP/5.3.10 DAV/2</elem>
</script><script id="vulners" output="&#xa;  Apache httpd 2.2.21: &#xa;&#x9;HTTPD:E74D6161229FA3D00A1783E6C3426C5D&#x9;&#x9;7.5&#x9;&#x9;https://vulners.com/httpd/HTTPD:E74D6161229FA3D00A1783E6C3426C5D&#xa;&#x9;HTTPD:1EFC9FFF0E161886B1F765B7E865B6B2&#x9;&#x9;7.5&#x9;&#x9;https://vulners.com/httpd/HTTPD:1EFC9FFF0E161886B1F765B7E865B6B2&#xa;&#x9;HTTPD:3C869ED31997C0F748E2CD4FE85D0DA8&#x9;&#x9;7.5&#x9;&#x9;https://vulners.com/httpd/HTTPD:3C869ED31997C0F748E2CD4FE85D0DA8&#xa;&#x9;HTTPD:C7D2DA1ACB016A5220CA8E74647BED26&#x9;&#x9;7.5&#x9;&#x9;https://vulners.com/httpd/HTTPD:C7D2DA1ACB016A5220CA8E74647BED26&#xa;&#x9;HTTPD:7EEE138FD834328B3FC98E4B7FCAD266&#x9;&#x9;7.5&#x9;&#x9;https://vulners.com/httpd/HTTPD:7EEE138FD834328B3FC98E4B7FCAD266&#xa;&#x9;HTTPD:3659017FAAE50804F97DA8236B92130D&#x9;&#x9;7.5&#x9;&#x9;https://vulners.com/httpd/HTTPD:3659017FAAE50804F97DA8236B92130D&#xa;&#x9;HTTPD:F564BBA32AA088833DA032B7EB77CA29&#x9;&#x9;7.5&#x9;&#x9;https://vulners.com/httpd/HTTPD:F564BBA32AA088833DA032B7EB77CA29&#xa;&#x9;HTTPD:143F3A43D871E3AFFF956DB1049A6A2A&#x9;&#x9;7.5&#x9;&#x9;https://vulners.com/httpd/HTTPD:143F3A43D871E3AFFF956DB1049A6A2A&#xa;&#x9;HTTPD:8F00FB1DD7567228376803FEDB0EC3B6&#x9;&#x9;7.5&#x9;&#x9;https://vulners.com/httpd/HTTPD:8F00FB1DD7567228376803FEDB0EC3B6&#xa;&#x9;HTTPD:403A74F009AB14FE702EA7E39E828C52&#x9;&#x9;6.9&#x9;&#x9;https://vulners.com/httpd/HTTPD:403A74F009AB14FE702EA7E39E828C52&#xa;&#x9;HTTPD:5E9A21F9EC4C8014D276CAE137A8806D&#x9;&#x9;6.9&#x9;&#x9;https://vulners.com/httpd/HTTPD:5E9A21F9EC4C8014D276CAE137A8806D&#xa;&#x9;HTTPD:E3EA50E892151D4F57BF7B9A57DDA94D&#x9;&#x9;6.8&#x9;&#x9;https://vulners.com/httpd/HTTPD:E3EA50E892151D4F57BF7B9A57DDA94D&#xa;&#x9;HTTPD:21BDE4F434D5052BD4CA91E0C09D07D2&#x9;&#x9;6.8&#x9;&#x9;https://vulners.com/httpd/HTTPD:21BDE4F434D5052BD4CA91E0C09D07D2&#xa;&#x9;HTTPD:99188FFDCAF9C4932D00C218A2E58EC7&#x9;&#x9;6.4&#x9;&#x9;https://vulners.com/httpd/HTTPD:99188FFDCAF9C4932D00C218A2E58EC7&#xa;&#x9;HTTPD:5B30935BE8E460D46298C8DF982C74C5&#x9;&#x9;6.4&#x9;&#x9;https://vulners.com/httpd/HTTPD:5B30935BE8E460D46298C8DF982C74C5&#xa;&#x9;HTTPD:165F07A887CF324D4FCE2FE811384166&#x9;&#x9;5.1&#x9;&#x9;https://vulners.com/httpd/HTTPD:165F07A887CF324D4FCE2FE811384166&#xa;&#x9;HTTPD:A150D0DB5D09A9DD514E447CB7B8B2C8&#x9;&#x9;5.1&#x9;&#x9;https://vulners.com/httpd/HTTPD:A150D0DB5D09A9DD514E447CB7B8B2C8&#xa;&#x9;HTTPD:6FFB774C5FC109DE7BF39B5539E1396F&#x9;&#x9;5.1&#x9;&#x9;https://vulners.com/httpd/HTTPD:6FFB774C5FC109DE7BF39B5539E1396F&#xa;&#x9;HTTPD:F292DF1CEE1729E4240D1D62A10F5D32&#x9;&#x9;5.1&#x9;&#x9;https://vulners.com/httpd/HTTPD:F292DF1CEE1729E4240D1D62A10F5D32&#xa;&#x9;HTTPD:7F0E0FC1918FB566008F71DECFC1018C&#x9;&#x9;5.1&#x9;&#x9;https://vulners.com/httpd/HTTPD:7F0E0FC1918FB566008F71DECFC1018C&#xa;&#x9;HTTPD:5CBB2FE29DAB23F81203059931DCD49C&#x9;&#x9;5.0&#x9;&#x9;https://vulners.com/httpd/HTTPD:5CBB2FE29DAB23F81203059931DCD49C&#xa;&#x9;HTTPD:DEAF583F8CA462E428A86AC329A3A9BA&#x9;&#x9;5.0&#x9;&#x9;https://vulners.com/httpd/HTTPD:DEAF583F8CA462E428A86AC329A3A9BA&#xa;&#x9;HTTPD:EEE8EF011043502558E000564EB457E1&#x9;&#x9;5.0&#x9;&#x9;https://vulners.com/httpd/HTTPD:EEE8EF011043502558E000564EB457E1&#xa;&#x9;HTTPD:AA5F8228C297859EE599A23F56BA394E&#x9;&#x9;5.0&#x9;&#x9;https://vulners.com/httpd/HTTPD:AA5F8228C297859EE599A23F56BA394E&#xa;&#x9;HTTPD:8533A90266872F140CC97CA384EE7E43&#x9;&#x9;5.0&#x9;&#x9;https://vulners.com/httpd/HTTPD:8533A90266872F140CC97CA384EE7E43&#xa;&#x9;HTTPD:2ECBF68DD3E48FC7EEF7BBD872792B9E&#x9;&#x9;5.0&#x9;&#x9;https://vulners.com/httpd/HTTPD:2ECBF68DD3E48FC7EEF7BBD872792B9E&#xa;&#x9;HTTPD:B401E293B5244BCB5C4A4751BFAFE869&#x9;&#x9;5.0&#x9;&#x9;https://vulners.com/httpd/HTTPD:B401E293B5244BCB5C4A4751BFAFE869&#xa;&#x9;HTTPD:5FF970F5C0AD6104342E6861C3AF5222&#x9;&#x9;5.0&#x9;&#x9;https://vulners.com/httpd/HTTPD:5FF970F5C0AD6104342E6861C3AF5222&#xa;&#x9;HTTPD:A524D631D92D34A98F278942749ECB13&#x9;&#x9;5.0&#x9;&#x9;https://vulners.com/httpd/HTTPD:A524D631D92D34A98F278942749ECB13&#xa;&#x9;HTTPD:FDE6D747713B6B9D98F74AC2CD3A4CA7&#x9;&#x9;5.0&#x9;&#x9;https://vulners.com/httpd/HTTPD:FDE6D747713B6B9D98F74AC2CD3A4CA7&#xa;&#x9;HTTPD:F7938D7CBFBE7A5CE9DE13402D31A1CA&#x9;&#x9;5.0&#x9;&#x9;https://vulners.com/httpd/HTTPD:F7938D7CBFBE7A5CE9DE13402D31A1CA&#xa;&#x9;HTTPD:ABFD2E54AEDE36FF5A2B10ED4AD225E6&#x9;&#x9;5.0&#x9;&#x9;https://vulners.com/httpd/HTTPD:ABFD2E54AEDE36FF5A2B10ED4AD225E6&#xa;&#x9;HTTPD:E6DE13EF125BCE02B8A64FEA449BB9AC&#x9;&#x9;5.0&#x9;&#x9;https://vulners.com/httpd/HTTPD:E6DE13EF125BCE02B8A64FEA449BB9AC&#xa;&#x9;HTTPD:824D39D8A30F1234C966CBDA41E1C446&#x9;&#x9;5.0&#x9;&#x9;https://vulners.com/httpd/HTTPD:824D39D8A30F1234C966CBDA41E1C446&#xa;&#x9;HTTPD:BC364897116E3F1036A98B2AC7EAD22F&#x9;&#x9;5.0&#x9;&#x9;https://vulners.com/httpd/HTTPD:BC364897116E3F1036A98B2AC7EAD22F&#xa;&#x9;HTTPD:5D6E315A1B98558C0DF8CBE51264FBA5&#x9;&#x9;5.0&#x9;&#x9;https://vulners.com/httpd/HTTPD:5D6E315A1B98558C0DF8CBE51264FBA5&#xa;&#x9;HTTPD:40EAA53A399FC5034AA6AF618C0F5EFF&#x9;&#x9;5.0&#x9;&#x9;https://vulners.com/httpd/HTTPD:40EAA53A399FC5034AA6AF618C0F5EFF&#xa;&#x9;HTTPD:62C816876F31B66A0ABB9350EAB1B165&#x9;&#x9;5.0&#x9;&#x9;https://vulners.com/httpd/HTTPD:62C816876F31B66A0ABB9350EAB1B165&#xa;&#x9;HTTPD:98531A1B4917D4CDD88FDEF74307A1F3&#x9;&#x9;4.6&#x9;&#x9;https://vulners.com/httpd/HTTPD:98531A1B4917D4CDD88FDEF74307A1F3&#xa;&#x9;HTTPD:8BA47632F35C9AB31E24EEFA64CB532A&#x9;&#x9;4.6&#x9;&#x9;https://vulners.com/httpd/HTTPD:8BA47632F35C9AB31E24EEFA64CB532A&#xa;&#x9;HTTPD:560EB66BD0C9D4921E114954F57484F0&#x9;&#x9;4.4&#x9;&#x9;https://vulners.com/httpd/HTTPD:560EB66BD0C9D4921E114954F57484F0&#xa;&#x9;HTTPD:19058D084C7C00E6FB6A3AD068C9416B&#x9;&#x9;4.4&#x9;&#x9;https://vulners.com/httpd/HTTPD:19058D084C7C00E6FB6A3AD068C9416B&#xa;&#x9;HTTPD:97C3060A217B600286CA70F961A66921&#x9;&#x9;4.3&#x9;&#x9;https://vulners.com/httpd/HTTPD:97C3060A217B600286CA70F961A66921&#xa;&#x9;HTTPD:7EEBAA4D66F7F678F1A9449C859131D8&#x9;&#x9;4.3&#x9;&#x9;https://vulners.com/httpd/HTTPD:7EEBAA4D66F7F678F1A9449C859131D8&#xa;&#x9;HTTPD:8AFFF3B295361F9F478E32BCB2DF6BDD&#x9;&#x9;4.3&#x9;&#x9;https://vulners.com/httpd/HTTPD:8AFFF3B295361F9F478E32BCB2DF6BDD&#xa;&#x9;HTTPD:674C5F61105615D84BCA1BB93F6745A7&#x9;&#x9;4.3&#x9;&#x9;https://vulners.com/httpd/HTTPD:674C5F61105615D84BCA1BB93F6745A7&#xa;&#x9;HTTPD:88E68CACB31D67F6D6972262B72F26CE&#x9;&#x9;4.3&#x9;&#x9;https://vulners.com/httpd/HTTPD:88E68CACB31D67F6D6972262B72F26CE&#xa;&#x9;HTTPD:4312651F86EAC231454F213850551A72&#x9;&#x9;4.3&#x9;&#x9;https://vulners.com/httpd/HTTPD:4312651F86EAC231454F213850551A72&#xa;&#x9;HTTPD:076997F5615ACE42B69DAE371E30BC2D&#x9;&#x9;4.3&#x9;&#x9;https://vulners.com/httpd/HTTPD:076997F5615ACE42B69DAE371E30BC2D&#xa;&#x9;HTTPD:4979B5C50BFE930EB922EF4650B13100&#x9;&#x9;4.3&#x9;&#x9;https://vulners.com/httpd/HTTPD:4979B5C50BFE930EB922EF4650B13100&#xa;&#x9;HTTPD:2ADBA0EAB3212DA4AB8E7A874BBA58E5&#x9;&#x9;4.3&#x9;&#x9;https://vulners.com/httpd/HTTPD:2ADBA0EAB3212DA4AB8E7A874BBA58E5&#xa;&#x9;HTTPD:B59ABFE21648992992E0F3E6F9B79EC6&#x9;&#x9;4.3&#x9;&#x9;https://vulners.com/httpd/HTTPD:B59ABFE21648992992E0F3E6F9B79EC6&#xa;&#x9;HTTPD:AEC535E4694ACC7E97FCD2C233D6508F&#x9;&#x9;4.3&#x9;&#x9;https://vulners.com/httpd/HTTPD:AEC535E4694ACC7E97FCD2C233D6508F&#xa;&#x9;HTTPD:D3771ADF73305061788086FA7ECC74F0&#x9;&#x9;4.3&#x9;&#x9;https://vulners.com/httpd/HTTPD:D3771ADF73305061788086FA7ECC74F0&#xa;&#x9;HTTPD:D94ACD37B5627A621B2D592BD44873F2&#x9;&#x9;4.3&#x9;&#x9;https://vulners.com/httpd/HTTPD:D94ACD37B5627A621B2D592BD44873F2&#xa;&#x9;HTTPD:7A3FC40A88A2C336D94097C124BCFB25&#x9;&#x9;2.6&#x9;&#x9;https://vulners.com/httpd/HTTPD:7A3FC40A88A2C336D94097C124BCFB25&#xa;&#x9;HTTPD:99100F70881608737755479D6691AC28&#x9;&#x9;2.6&#x9;&#x9;https://vulners.com/httpd/HTTPD:99100F70881608737755479D6691AC28&#xa;&#x9;HTTPD:70F666C49D9C9D9808BCA47FF85369B9&#x9;&#x9;2.6&#x9;&#x9;https://vulners.com/httpd/HTTPD:70F666C49D9C9D9808BCA47FF85369B9&#xa;&#x9;HTTPD:1053FB8D27EC99B64A68466B193236FF&#x9;&#x9;2.6&#x9;&#x9;https://vulners.com/httpd/HTTPD:1053FB8D27EC99B64A68466B193236FF"><elem key="Apache httpd 2.2.21">&#xa;&#x9;HTTPD:E74D6161229FA3D00A1783E6C3426C5D&#x9;&#x9;7.5&#x9;&#x9;https://vulners.com/httpd/HTTPD:E74D6161229FA3D00A1783E6C3426C5D&#xa;&#x9;HTTPD:1EFC9FFF0E161886B1F765B7E865B6B2&#x9;&#x9;7.5&#x9;&#x9;https://vulners.com/httpd/HTTPD:1EFC9FFF0E161886B1F765B7E865B6B2&#xa;&#x9;HTTPD:3C869ED31997C0F748E2CD4FE85D0DA8&#x9;&#x9;7.5&#x9;&#x9;https://vulners.com/httpd/HTTPD:3C869ED31997C0F748E2CD4FE85D0DA8&#xa;&#x9;HTTPD:C7D2DA1ACB016A5220CA8E74647BED26&#x9;&#x9;7.5&#x9;&#x9;https://vulners.com/httpd/HTTPD:C7D2DA1ACB016A5220CA8E74647BED26&#xa;&#x9;HTTPD:7EEE138FD834328B3FC98E4B7FCAD266&#x9;&#x9;7.5&#x9;&#x9;https://vulners.com/httpd/HTTPD:7EEE138FD834328B3FC98E4B7FCAD266&#xa;&#x9;HTTPD:3659017FAAE50804F97DA8236B92130D&#x9;&#x9;7.5&#x9;&#x9;https://vulners.com/httpd/HTTPD:3659017FAAE50804F97DA8236B92130D&#xa;&#x9;HTTPD:F564BBA32AA088833DA032B7EB77CA29&#x9;&#x9;7.5&#x9;&#x9;https://vulners.com/httpd/HTTPD:F564BBA32AA088833DA032B7EB77CA29&#xa;&#x9;HTTPD:143F3A43D871E3AFFF956DB1049A6A2A&#x9;&#x9;7.5&#x9;&#x9;https://vulners.com/httpd/HTTPD:143F3A43D871E3AFFF956DB1049A6A2A&#xa;&#x9;HTTPD:8F00FB1DD7567228376803FEDB0EC3B6&#x9;&#x9;7.5&#x9;&#x9;https://vulners.com/httpd/HTTPD:8F00FB1DD7567228376803FEDB0EC3B6&#xa;&#x9;HTTPD:403A74F009AB14FE702EA7E39E828C52&#x9;&#x9;6.9&#x9;&#x9;https://vulners.com/httpd/HTTPD:403A74F009AB14FE702EA7E39E828C52&#xa;&#x9;HTTPD:5E9A21F9EC4C8014D276CAE137A8806D&#x9;&#x9;6.9&#x9;&#x9;https://vulners.com/httpd/HTTPD:5E9A21F9EC4C8014D276CAE137A8806D&#xa;&#x9;HTTPD:E3EA50E892151D4F57BF7B9A57DDA94D&#x9;&#x9;6.8&#x9;&#x9;https://vulners.com/httpd/HTTPD:E3EA50E892151D4F57BF7B9A57DDA94D&#xa;&#x9;HTTPD:21BDE4F434D5052BD4CA91E0C09D07D2&#x9;&#x9;6.8&#x9;&#x9;https://vulners.com/httpd/HTTPD:21BDE4F434D5052BD4CA91E0C09D07D2&#xa;&#x9;HTTPD:99188FFDCAF9C4932D00C218A2E58EC7&#x9;&#x9;6.4&#x9;&#x9;https://vulners.com/httpd/HTTPD:99188FFDCAF9C4932D00C218A2E58EC7&#xa;&#x9;HTTPD:5B30935BE8E460D46298C8DF982C74C5&#x9;&#x9;6.4&#x9;&#x9;https://vulners.com/httpd/HTTPD:5B30935BE8E460D46298C8DF982C74C5&#xa;&#x9;HTTPD:165F07A887CF324D4FCE2FE811384166&#x9;&#x9;5.1&#x9;&#x9;https://vulners.com/httpd/HTTPD:165F07A887CF324D4FCE2FE811384166&#xa;&#x9;HTTPD:A150D0DB5D09A9DD514E447CB7B8B2C8&#x9;&#x9;5.1&#x9;&#x9;https://vulners.com/httpd/HTTPD:A150D0DB5D09A9DD514E447CB7B8B2C8&#xa;&#x9;HTTPD:6FFB774C5FC109DE7BF39B5539E1396F&#x9;&#x9;5.1&#x9;&#x9;https://vulners.com/httpd/HTTPD:6FFB774C5FC109DE7BF39B5539E1396F&#xa;&#x9;HTTPD:F292DF1CEE1729E4240D1D62A10F5D32&#x9;&#x9;5.1&#x9;&#x9;https://vulners.com/httpd/HTTPD:F292DF1CEE1729E4240D1D62A10F5D32&#xa;&#x9;HTTPD:7F0E0FC1918FB566008F71DECFC1018C&#x9;&#x9;5.1&#x9;&#x9;https://vulners.com/httpd/HTTPD:7F0E0FC1918FB566008F71DECFC1018C&#xa;&#x9;HTTPD:5CBB2FE29DAB23F81203059931DCD49C&#x9;&#x9;5.0&#x9;&#x9;https://vulners.com/httpd/HTTPD:5CBB2FE29DAB23F81203059931DCD49C&#xa;&#x9;HTTPD:DEAF583F8CA462E428A86AC329A3A9BA&#x9;&#x9;5.0&#x9;&#x9;https://vulners.com/httpd/HTTPD:DEAF583F8CA462E428A86AC329A3A9BA&#xa;&#x9;HTTPD:EEE8EF011043502558E000564EB457E1&#x9;&#x9;5.0&#x9;&#x9;https://vulners.com/httpd/HTTPD:EEE8EF011043502558E000564EB457E1&#xa;&#x9;HTTPD:AA5F8228C297859EE599A23F56BA394E&#x9;&#x9;5.0&#x9;&#x9;https://vulners.com/httpd/HTTPD:AA5F8228C297859EE599A23F56BA394E&#xa;&#x9;HTTPD:8533A90266872F140CC97CA384EE7E43&#x9;&#x9;5.0&#x9;&#x9;https://vulners.com/httpd/HTTPD:8533A90266872F140CC97CA384EE7E43&#xa;&#x9;HTTPD:2ECBF68DD3E48FC7EEF7BBD872792B9E&#x9;&#x9;5.0&#x9;&#x9;https://vulners.com/httpd/HTTPD:2ECBF68DD3E48FC7EEF7BBD872792B9E&#xa;&#x9;HTTPD:B401E293B5244BCB5C4A4751BFAFE869&#x9;&#x9;5.0&#x9;&#x9;https://vulners.com/httpd/HTTPD:B401E293B5244BCB5C4A4751BFAFE869&#xa;&#x9;HTTPD:5FF970F5C0AD6104342E6861C3AF5222&#x9;&#x9;5.0&#x9;&#x9;https://vulners.com/httpd/HTTPD:5FF970F5C0AD6104342E6861C3AF5222&#xa;&#x9;HTTPD:A524D631D92D34A98F278942749ECB13&#x9;&#x9;5.0&#x9;&#x9;https://vulners.com/httpd/HTTPD:A524D631D92D34A98F278942749ECB13&#xa;&#x9;HTTPD:FDE6D747713B6B9D98F74AC2CD3A4CA7&#x9;&#x9;5.0&#x9;&#x9;https://vulners.com/httpd/HTTPD:FDE6D747713B6B9D98F74AC2CD3A4CA7&#xa;&#x9;HTTPD:F7938D7CBFBE7A5CE9DE13402D31A1CA&#x9;&#x9;5.0&#x9;&#x9;https://vulners.com/httpd/HTTPD:F7938D7CBFBE7A5CE9DE13402D31A1CA&#xa;&#x9;HTTPD:ABFD2E54AEDE36FF5A2B10ED4AD225E6&#x9;&#x9;5.0&#x9;&#x9;https://vulners.com/httpd/HTTPD:ABFD2E54AEDE36FF5A2B10ED4AD225E6&#xa;&#x9;HTTPD:E6DE13EF125BCE02B8A64FEA449BB9AC&#x9;&#x9;5.0&#x9;&#x9;https://vulners.com/httpd/HTTPD:E6DE13EF125BCE02B8A64FEA449BB9AC&#xa;&#x9;HTTPD:824D39D8A30F1234C966CBDA41E1C446&#x9;&#x9;5.0&#x9;&#x9;https://vulners.com/httpd/HTTPD:824D39D8A30F1234C966CBDA41E1C446&#xa;&#x9;HTTPD:BC364897116E3F1036A98B2AC7EAD22F&#x9;&#x9;5.0&#x9;&#x9;https://vulners.com/httpd/HTTPD:BC364897116E3F1036A98B2AC7EAD22F&#xa;&#x9;HTTPD:5D6E315A1B98558C0DF8CBE51264FBA5&#x9;&#x9;5.0&#x9;&#x9;https://vulners.com/httpd/HTTPD:5D6E315A1B98558C0DF8CBE51264FBA5&#xa;&#x9;HTTPD:40EAA53A399FC5034AA6AF618C0F5EFF&#x9;&#x9;5.0&#x9;&#x9;https://vulners.com/httpd/HTTPD:40EAA53A399FC5034AA6AF618C0F5EFF&#xa;&#x9;HTTPD:62C816876F31B66A0ABB9350EAB1B165&#x9;&#x9;5.0&#x9;&#x9;https://vulners.com/httpd/HTTPD:62C816876F31B66A0ABB9350EAB1B165&#xa;&#x9;HTTPD:98531A1B4917D4CDD88FDEF74307A1F3&#x9;&#x9;4.6&#x9;&#x9;https://vulners.com/httpd/HTTPD:98531A1B4917D4CDD88FDEF74307A1F3&#xa;&#x9;HTTPD:8BA47632F35C9AB31E24EEFA64CB532A&#x9;&#x9;4.6&#x9;&#x9;https://vulners.com/httpd/HTTPD:8BA47632F35C9AB31E24EEFA64CB532A&#xa;&#x9;HTTPD:560EB66BD0C9D4921E114954F57484F0&#x9;&#x9;4.4&#x9;&#x9;https://vulners.com/httpd/HTTPD:560EB66BD0C9D4921E114954F57484F0&#xa;&#x9;HTTPD:19058D084C7C00E6FB6A3AD068C9416B&#x9;&#x9;4.4&#x9;&#x9;https://vulners.com/httpd/HTTPD:19058D084C7C00E6FB6A3AD068C9416B&#xa;&#x9;HTTPD:97C3060A217B600286CA70F961A66921&#x9;&#x9;4.3&#x9;&#x9;https://vulners.com/httpd/HTTPD:97C3060A217B600286CA70F961A66921&#xa;&#x9;HTTPD:7EEBAA4D66F7F678F1A9449C859131D8&#x9;&#x9;4.3&#x9;&#x9;https://vulners.com/httpd/HTTPD:7EEBAA4D66F7F678F1A9449C859131D8&#xa;&#x9;HTTPD:8AFFF3B295361F9F478E32BCB2DF6BDD&#x9;&#x9;4.3&#x9;&#x9;https://vulners.com/httpd/HTTPD:8AFFF3B295361F9F478E32BCB2DF6BDD&#xa;&#x9;HTTPD:674C5F61105615D84BCA1BB93F6745A7&#x9;&#x9;4.3&#x9;&#x9;https://vulners.com/httpd/HTTPD:674C5F61105615D84BCA1BB93F6745A7&#xa;&#x9;HTTPD:88E68CACB31D67F6D6972262B72F26CE&#x9;&#x9;4.3&#x9;&#x9;https://vulners.com/httpd/HTTPD:88E68CACB31D67F6D6972262B72F26CE&#xa;&#x9;HTTPD:4312651F86EAC231454F213850551A72&#x9;&#x9;4.3&#x9;&#x9;https://vulners.com/httpd/HTTPD:4312651F86EAC231454F213850551A72&#xa;&#x9;HTTPD:076997F5615ACE42B69DAE371E30BC2D&#x9;&#x9;4.3&#x9;&#x9;https://vulners.com/httpd/HTTPD:076997F5615ACE42B69DAE371E30BC2D&#xa;&#x9;HTTPD:4979B5C50BFE930EB922EF4650B13100&#x9;&#x9;4.3&#x9;&#x9;https://vulners.com/httpd/HTTPD:4979B5C50BFE930EB922EF4650B13100&#xa;&#x9;HTTPD:2ADBA0EAB3212DA4AB8E7A874BBA58E5&#x9;&#x9;4.3&#x9;&#x9;https://vulners.com/httpd/HTTPD:2ADBA0EAB3212DA4AB8E7A874BBA58E5&#xa;&#x9;HTTPD:B59ABFE21648992992E0F3E6F9B79EC6&#x9;&#x9;4.3&#x9;&#x9;https://vulners.com/httpd/HTTPD:B59ABFE21648992992E0F3E6F9B79EC6&#xa;&#x9;HTTPD:AEC535E4694ACC7E97FCD2C233D6508F&#x9;&#x9;4.3&#x9;&#x9;https://vulners.com/httpd/HTTPD:AEC535E4694ACC7E97FCD2C233D6508F&#xa;&#x9;HTTPD:D3771ADF73305061788086FA7ECC74F0&#x9;&#x9;4.3&#x9;&#x9;https://vulners.com/httpd/HTTPD:D3771ADF73305061788086FA7ECC74F0&#xa;&#x9;HTTPD:D94ACD37B5627A621B2D592BD44873F2&#x9;&#x9;4.3&#x9;&#x9;https://vulners.com/httpd/HTTPD:D94ACD37B5627A621B2D592BD44873F2&#xa;&#x9;HTTPD:7A3FC40A88A2C336D94097C124BCFB25&#x9;&#x9;2.6&#x9;&#x9;https://vulners.com/httpd/HTTPD:7A3FC40A88A2C336D94097C124BCFB25&#xa;&#x9;HTTPD:99100F70881608737755479D6691AC28&#x9;&#x9;2.6&#x9;&#x9;https://vulners.com/httpd/HTTPD:99100F70881608737755479D6691AC28&#xa;&#x9;HTTPD:70F666C49D9C9D9808BCA47FF85369B9&#x9;&#x9;2.6&#x9;&#x9;https://vulners.com/httpd/HTTPD:70F666C49D9C9D9808BCA47FF85369B9&#xa;&#x9;HTTPD:1053FB8D27EC99B64A68466B193236FF&#x9;&#x9;2.6&#x9;&#x9;https://vulners.com/httpd/HTTPD:1053FB8D27EC99B64A68466B193236FF</elem>
</script></port>
<port protocol="tcp" portid="8686"><state state="open" reason="syn-ack" reason_ttl="128"/><service name="rmiregistry" product="Java RMI" method="probed" conf="10"/></port>
<port protocol="tcp" portid="9200"><state state="open" reason="syn-ack" reason_ttl="128"/><service name="http" product="Elasticsearch REST API" version="1.1.1" extrainfo="name: Man-Killer; Lucene 4.7" method="probed" conf="10"><cpe>cpe:/a:elasticsearch:elasticsearch:1.1.1</cpe></service><script id="vulners" output="&#xa;  cpe:/a:elasticsearch:elasticsearch:1.1.1: &#xa;&#x9;CVE-2014-3120&#x9;&#x9;6.8&#x9;&#x9;https://vulners.com/cve/CVE-2014-3120"><elem key="cpe:/a:elasticsearch:elasticsearch:1.1.1">&#xa;&#x9;CVE-2014-3120&#x9;&#x9;6.8&#x9;&#x9;https://vulners.com/cve/CVE-2014-3120</elem>
</script></port>
<port protocol="tcp" portid="9300"><state state="open" reason="syn-ack" reason_ttl="128"/><service name="vrace" method="table" conf="3"/></port>
<port protocol="tcp" portid="47001"><state state="open" reason="syn-ack" reason_ttl="128"/><service name="http" product="Microsoft HTTPAPI httpd" version="2.0" extrainfo="SSDP/UPnP" ostype="Windows" method="probed" conf="10"><cpe>cpe:/o:microsoft:windows</cpe></service><script id="http-server-header" output="Microsoft-HTTPAPI/2.0"><elem>Microsoft-HTTPAPI/2.0</elem>
</script></port>
<port protocol="tcp" portid="49152"><state state="open" reason="syn-ack" reason_ttl="128"/><service name="msrpc" product="Microsoft Windows RPC" ostype="Windows" method="probed" conf="10"><cpe>cpe:/o:microsoft:windows</cpe></service></port>
<port protocol="tcp" portid="49153"><state state="open" reason="syn-ack" reason_ttl="128"/><service name="msrpc" product="Microsoft Windows RPC" ostype="Windows" method="probed" conf="10"><cpe>cpe:/o:microsoft:windows</cpe></service></port>
<port protocol="tcp" portid="49154"><state state="open" reason="syn-ack" reason_ttl="128"/><service name="msrpc" product="Microsoft Windows RPC" ostype="Windows" method="probed" conf="10"><cpe>cpe:/o:microsoft:windows</cpe></service></port>
<port protocol="tcp" portid="49155"><state state="open" reason="syn-ack" reason_ttl="128"/><service name="msrpc" product="Microsoft Windows RPC" ostype="Windows" method="probed" conf="10"><cpe>cpe:/o:microsoft:windows</cpe></service></port>
<port protocol="tcp" portid="49176"><state state="open" reason="syn-ack" reason_ttl="128"/><service name="unknown" method="table" conf="3"/></port>
<port protocol="tcp" portid="49177"><state state="open" reason="syn-ack" reason_ttl="128"/><service name="rmiregistry" product="Java RMI" method="probed" conf="10"/></port>
<port protocol="tcp" portid="49178"><state state="open" reason="syn-ack" reason_ttl="128"/><service name="tcpwrapped" method="probed" conf="8"/></port>
<port protocol="tcp" portid="49181"><state state="open" reason="syn-ack" reason_ttl="128"/><service name="msrpc" product="Microsoft Windows RPC" ostype="Windows" method="probed" conf="10"><cpe>cpe:/o:microsoft:windows</cpe></service></port>
<port protocol="tcp" portid="49254"><state state="open" reason="syn-ack" reason_ttl="128"/><service name="msrpc" product="Microsoft Windows RPC" ostype="Windows" method="probed" conf="10"><cpe>cpe:/o:microsoft:windows</cpe></service></port>
<port protocol="tcp" portid="49268"><state state="open" reason="syn-ack" reason_ttl="128"/><service name="ssh" product="Apache Mina sshd" version="0.8.0" extrainfo="protocol 2.0" method="probed" conf="10"><cpe>cpe:/a:apache:sshd:0.8.0</cpe></service></port>
<port protocol="tcp" portid="49269"><state state="open" reason="syn-ack" reason_ttl="128"/><service name="jenkins-listener" product="Jenkins TcpSlaveAgentListener" method="probed" conf="10"><cpe>cpe:/a:cloudbees:jenkins</cpe></service></port>
<port protocol="tcp" portid="49288"><state state="open" reason="syn-ack" reason_ttl="128"/><service name="rmiregistry" product="Java RMI" method="probed" conf="10"/></port>
<port protocol="tcp" portid="49291"><state state="open" reason="syn-ack" reason_ttl="128"/></port>
<port protocol="tcp" portid="49292"><state state="open" reason="syn-ack" reason_ttl="128"/></port>
<port protocol="tcp" portid="49293"><state state="open" reason="syn-ack" reason_ttl="128"/></port>
</ports>
<os><portused state="open" proto="tcp" portid="21"/>
<portused state="closed" proto="tcp" portid="1"/>
<portused state="closed" proto="udp" portid="43005"/>
<osmatch name="Microsoft Windows 7 SP0 - SP1, Windows Server 2008 SP1, Windows Server 2008 R2, Windows 8, or Windows 8.1 Update 1" accuracy="100" line="76720">
<osclass type="general purpose" vendor="Microsoft" osfamily="Windows" osgen="7" accuracy="100"><cpe>cpe:/o:microsoft:windows_7::-</cpe><cpe>cpe:/o:microsoft:windows_7::sp1</cpe></osclass>
<osclass type="general purpose" vendor="Microsoft" osfamily="Windows" osgen="2008" accuracy="100"><cpe>cpe:/o:microsoft:windows_server_2008::sp1</cpe><cpe>cpe:/o:microsoft:windows_server_2008:r2</cpe></osclass>
<osclass type="general purpose" vendor="Microsoft" osfamily="Windows" osgen="8" accuracy="100"><cpe>cpe:/o:microsoft:windows_8</cpe></osclass>
<osclass type="general purpose" vendor="Microsoft" osfamily="Windows" osgen="8.1" accuracy="100"><cpe>cpe:/o:microsoft:windows_8.1</cpe></osclass>
</osmatch>
</os>
<uptime seconds="786" lastboot="Thu May 23 15:18:09 2019"/>
<distance value="1"/>
<tcpsequence index="250" difficulty="Good luck!" values="50DA64B2,7A4B4520,75EC7F3C,8E19175E,6537DC02,775815E2"/>
<ipidsequence class="Incremental" values="38E,38F,390,391,392,393"/>
<tcptssequence class="100HZ" values="12DC4,12DCE,12DD8,12DE3,12DED,12DF7"/>
<times srtt="386" rttvar="96" to="100000"/>
</host>
<runstats><finished time="1558639875" timestr="Thu May 23 15:31:15 2019" elapsed="218.74" summary="Nmap done at Thu May 23 15:31:15 2019; 1 IP address (1 host up) scanned in 218.74 seconds" exit="success"/><hosts up="1" down="0" total="1"/>
</runstats>
</nmaprun>